Turbo Assembler	 Version 3.1	    12/03/12 14:27:04	    Page 1
firstd.asm



      1	0000			     MYCODE SEGMENT 'CODE'
      2					 ASSUME	CS:MYCODE
      3					 PUBLIC	LET
      4	0000  41		     LET  DB 'A'
      5	0001			     START:
      6				     ; Загрузка	сегментного регистра данных DS
      7	0001  0E			  PUSH CS
      8	0002  1F			  POP  DS
      9				     ; Вывод одного символа на экран
     10	0003  B4 02			  MOV AH, 02
     11	0005  2E: 8A 16	0000r		  MOV DL, LET
     12	000A  CD 21			  INT 21H
     13				     ; Выход из	программы
     14	000C  B0 00			  MOV AL, 0
     15	000E  B4 4C			  MOV AH, 4CH
     16	0010  CD 21			  INT 21H
     17	0012			     MYCODE ENDS
     18				     END START
Turbo Assembler	 Version 3.1	    12/03/12 14:27:04	    Page 2
Symbol Table




Symbol Name			  Type	 Value

??DATE				  Text	 "12/03/12"
??FILENAME			  Text	 "firstd  "
??TIME				  Text	 "14:27:04"
??VERSION			  Number 030A
@CPU				  Text	 0101H
@CURSEG				  Text	 MYCODE
@FILENAME			  Text	 FIRSTD
@WORDSIZE			  Text	 2
LET				  Byte	 MYCODE:0000
START				  Near	 MYCODE:0001

Groups & Segments		  Bit Size Align  Combine Class

MYCODE				  16  0012 Para	  none	  CODE
