Turbo Assembler	 Version 3.1	    03/17/17 12:56:54	    Page 1
lab.asm



      1				     ; Лабораторная работа №4
      2	0000			     MYCODE SEGMENT 'CODE'
      3				     ASSUME CS:MYCODE
      4	0000  8B A0 A1 AE E0 A0	E2+  LABTITLE db 'Лабораторная работа #4$'
      5	      AE E0 AD A0 EF 20	E0+
      6	      A0 A1 AE E2 A0 20	23+
      7	      34 24
      8	0017			     START:
      9				     ; Загрузка	сегментного регистра данных DS
     10	0017  0E			  push CS
     11	0018  1F			  pop  DS
     12				     ; Очитка экрана
     13	0019  E8 0022			  CALL CLRSCR
     14				     ; Вывод заголовка
     15	001C  BA 0000r			  mov DX, offset LABTITLE
     16	001F  E8 002B			  call PUTSTR
     17	0022  E8 000E			  call CLRF
     18				     ; Вывод первого символа
     19	0025  B2 80			  mov DL , 'А'
     20	0027  E8 001E			  call PUTCH
     21				     ; ..тут должен быть цикл с	выводом	символов..
     22				     ; Ожидание	завершения программы
     23	002A  E8 0025			  call GETCH
     24				     ; Вывод из	программы
     25	002D  B0 00			  mov AL , 0
     26	002F  B4 4C			  mov AH , 4CH
     27	0031  CD 21			  int 21H
     28				     ; Процедуры:
     29				     ; Перевод на новую	строку
     30	0033			     CLRF PROC
     31	0033  B2 0A			 mov DL	, 10
     32	0035  E8 0010			 call PUTCH
     33	0038  B2 0D			 mov DL	, 13
     34	003A  E8 000B			 call PUTCH
     35	003D  C3			 ret
     36	003E			     CLRF ENDP
     37				     ; Очистка экрана
     38	003E			     CLRSCR PROC
     39	003E  E8 FFF2			 call CLRF
     40	0041  B4 00			 mov  AH , 0H
     41	0043  B0 03			 mov  AL , 3H
     42	0045  CD 10			 int  10H
     43	0047  C3			 ret
     44	0048			     CLRSCR ENDP
     45				     ; Вывод одного символа на экран
     46	0048			     PUTCH PROC
     47	0048  B4 02			 mov AH	, 02H
     48	004A  CD 21			 int 021H
     49	004C  C3			 ret
     50	004D			     PUTCH ENDP
     51				     ; Вывод строки
     52	004D			     PUTSTR PROC
     53	004D  B4 09			 mov AH	, 09H
     54	004F  CD 21			 int 021H
     55	0051  C3			 ret
     56	0052			     PUTSTR ENDP
     57				     ; Ввод символа с клавиатуры
Turbo Assembler	 Version 3.1	    03/17/17 12:56:54	    Page 2
lab.asm



     58	0052			     GETCH PROC
     59	0052  B4 08			 mov AH	, 08H
     60	0054  CD 21			 int 021H
     61	0056  C3			 ret
     62	0057			     GETCH ENDP
     63	0057			     MYCODE ENDS
     64				     END START
Turbo Assembler	 Version 3.1	    03/17/17 12:56:54	    Page 3
Symbol Table




Symbol Name		Type   Value			   Cref	(defined at #)

??DATE			Text   "03/17/17"
??FILENAME		Text   "lab	"
??TIME			Text   "12:56:54"
??VERSION		Number 030A
@CPU			Text   0101H
@CURSEG			Text   MYCODE			   #2
@FILENAME		Text   LAB
@WORDSIZE		Text   2			   #2
CLRF			Near   MYCODE:0033		   17  #30  39
CLRSCR			Near   MYCODE:003E		   13  #38
GETCH			Near   MYCODE:0052		   23  #58
LABTITLE		Byte   MYCODE:0000		   #4  15
PUTCH			Near   MYCODE:0048		   20  32  34  #46
PUTSTR			Near   MYCODE:004D		   16  #52
START			Near   MYCODE:0017		   #8  64

Groups & Segments	Bit Size Align	Combine	Class	   Cref	(defined at #)

MYCODE			16  0057 Para	none	CODE	   #2  3
